============================= test session starts ==============================
platform linux -- Python 3.12.3, pytest-9.0.2, pluggy-1.6.0 -- /usr/bin/python3
cachedir: .pytest_cache
rootdir: /home/nicola/dev/backcast_evs/backend
configfile: pyproject.toml
plugins: anyio-4.12.0, cov-7.0.0, asyncio-1.3.0
asyncio: mode=Mode.STRICT, debug=False, asyncio_default_fixture_loop_scope=function, asyncio_default_test_loop_scope=function
collecting ... collected 1 item

backend/tests/api/test_evm_comparison_logic.py::TestEVMCostComparisonLogic::test_cost_comparison_actual_maps_to_ac INFO  [alembic.runtime.migration] Context impl PostgresqlImpl.
INFO  [alembic.runtime.migration] Will assume transactional DDL.
INFO  [alembic.runtime.migration] Running upgrade  -> 94ccc0cb6464, Initial schema
INFO  [alembic.runtime.migration] Running upgrade 94ccc0cb6464 -> 9f027887a725, Add User and UserVersion models
INFO  [alembic.runtime.migration] Running upgrade 9f027887a725 -> 4be88f7b8fbd, add_department_versioned
INFO  [alembic.runtime.migration] Running upgrade 4be88f7b8fbd -> 5b79d8c44bed, user_entity_timezone_fix
INFO  [alembic.runtime.migration] Running upgrade 5b79d8c44bed -> a00fdd40ae55, Add department models
INFO  [alembic.runtime.migration] Running upgrade a00fdd40ae55 -> 7172847aa226, Add UserPreference
INFO  [alembic.runtime.migration] Running upgrade 7172847aa226 -> f159e127bad9, restructure_to_bitemporal_single_table
INFO  [alembic.runtime.migration] Running upgrade f159e127bad9 -> de146576a3d2, create_bitemporal_tables
INFO  [alembic.runtime.migration] Running upgrade de146576a3d2 -> 1cd31119301f, Add projects table
INFO  [alembic.runtime.migration] Running upgrade 1cd31119301f -> 2ebc6a370a30, Add projects table retry
INFO  [alembic.runtime.migration] Running upgrade 2ebc6a370a30 -> 3c4d5e6f7a8b, Add password_changed_at to users table
INFO  [alembic.runtime.migration] Running upgrade 3c4d5e6f7a8b -> 8b73c9d2e3f4, Migrate preferences to JSON column
INFO  [alembic.runtime.migration] Running upgrade 8b73c9d2e3f4 -> 605e2658577c, enhance project table with code dates status
INFO  [alembic.runtime.migration] Running upgrade 605e2658577c -> 48c88d1ddf9c, add wbe table with project relationship
INFO  [alembic.runtime.migration] Running upgrade 48c88d1ddf9c -> 6794f9bdb8c2, add_audit_columns_to_versionable_mixin
INFO  [alembic.runtime.migration] Running upgrade 6794f9bdb8c2 -> 4af275505a7e, add description to departments
INFO  [alembic.runtime.migration] Running upgrade 4af275505a7e -> a1b2c3d4e5f6, Add cost_element_types table
INFO  [alembic.runtime.migration] Running upgrade a1b2c3d4e5f6 -> b2c3d4e5f6g7, Add cost_elements table
INFO  [alembic.runtime.migration] Running upgrade b2c3d4e5f6g7 -> 5ae1f9320c4b, add_indexes_for_server_side_filtering
INFO  [alembic.runtime.migration] Running upgrade 5ae1f9320c4b -> d1ce5ad9a78c, add change_orders table
INFO  [alembic.runtime.migration] Running upgrade d1ce5ad9a78c -> add_branches_table, add branches table and branch_name to change_orders
INFO  [alembic.runtime.migration] Running upgrade add_branches_table -> fdd09caf9368, add change_order_audit_log table
INFO  [alembic.runtime.migration] Running upgrade fdd09caf9368 -> e5f6g7h8i9j0, Add forecasts table
INFO  [alembic.runtime.migration] Running upgrade e5f6g7h8i9j0 -> f1a2b3c4d5e6, Add schedule_baselines table
INFO  [alembic.runtime.migration] Running upgrade f1a2b3c4d5e6 -> 0e0378323809, add cost_registrations table
INFO  [alembic.runtime.migration] Running upgrade 0e0378323809 -> e45e085ced4d, fix_departments_manager_id_fk_constraint
INFO  [alembic.runtime.migration] Running upgrade e45e085ced4d -> 20260118_080108, Schedule Baseline 1:1 Relationship Migration
INFO  [alembic.runtime.migration] Running upgrade 20260118_080108 -> 20260118_090108, Fix unique index to only apply to current cost element versions.
INFO  [alembic.runtime.migration] Running upgrade 20260118_090108 -> 20260118_100000, Progress Entries Table Migration
INFO  [alembic.runtime.migration] Running upgrade 20260118_100000 -> 16a1d8c94dd3, drop schedule_baselines_archive table
INFO  [alembic.runtime.migration] Running upgrade 16a1d8c94dd3 -> 20260118_forecast_1to1, Forecast 1:1 Relationship Migration
INFO  [alembic.runtime.migration] Running upgrade 20260118_forecast_1to1 -> 4295c725f05f, remove_unique_constraint_on_fk_for_versioning
INFO  [alembic.runtime.migration] Running upgrade 4295c725f05f -> f69c57fcc47d, add_indexes_for_evm_performance
INFO  [alembic.runtime.migration] Running upgrade f69c57fcc47d -> 20260129_000000, add temporal to branches
INFO  [alembic.runtime.migration] Running upgrade 20260129_000000 -> 498e23573534, refactor_branch_pkg_to_id
INFO  [alembic.runtime.migration] Running upgrade 498e23573534 -> 6c5c73b28e2e, rename_branch_metadata_column
INFO  [alembic.runtime.migration] Running upgrade 6c5c73b28e2e -> 6ca38f4c2cdc, remove_reported_fields_from_progress_entry
FAILED
ERROR: Coverage failure: total of 36 is less than fail-under=80


=================================== FAILURES ===================================
______ TestEVMCostComparisonLogic.test_cost_comparison_actual_maps_to_ac _______

self = <test_evm_comparison_logic.TestEVMCostComparisonLogic object at 0x7156d98fe6f0>
client = <httpx.AsyncClient object at 0x7156d818f3e0>

    async def test_cost_comparison_actual_maps_to_ac(
        self, client: AsyncClient
    ) -> None:
        """Test that the 'actual' field in time series maps to Actual Cost (AC), not Earned Value (EV).
    
        And verifies valid_time (as_of) filtering.
        """
        # 1. Setup Data
        # Project
        proj_res = await client.post(
            "/api/v1/projects",
            json={"code": f"P-{uuid4().hex[:4].upper()}", "name": "Test Project", "budget": 10000}
        )
>       assert proj_res.status_code == 201
E       assert 401 == 201
E        +  where 401 = <Response [401 Unauthorized]>.status_code

backend/tests/api/test_evm_comparison_logic.py:23: AssertionError
=============================== warnings summary ===============================
backend/app/api/routes/change_orders.py:54
  /home/nicola/dev/backcast_evs/backend/app/api/routes/change_orders.py:54: FastAPIDeprecationWarning: `example` has been deprecated, please use `examples` instead
    filters: str | None = Query(

tests/api/test_evm_comparison_logic.py::TestEVMCostComparisonLogic::test_cost_comparison_actual_maps_to_ac
  /home/nicola/.local/lib/python3.12/site-packages/alembic/config.py:598: DeprecationWarning: No path_separator found in configuration; falling back to legacy splitting on spaces, commas, and colons for prepend_sys_path.  Consider adding path_separator=os to Alembic config.
    util.warn_deprecated(

-- Docs: https://docs.pytest.org/en/stable/how-to/capture-warnings.html
================================ tests coverage ================================
_______________ coverage: platform linux, python 3.12.3-final-0 ________________

Name                                                    Stmts   Miss  Cover   Missing
-------------------------------------------------------------------------------------
backend/app/__init__.py                                     0      0   100%
backend/app/api/__init__.py                                 0      0   100%
backend/app/api/dependencies/auth.py                       44     23    48%   25, 33-54, 61-64, 119-129
backend/app/api/routes/__init__.py                          2      0   100%
backend/app/api/routes/auth.py                             38     21    45%   30-53, 67-82, 95-98
backend/app/api/routes/change_orders.py                   130     90    31%   33, 39, 78-111, 141-161, 189-201, 221-228, 251-277, 300-307, 327-333, 355-363, 390-455, 477-485, 517-521
backend/app/api/routes/cost_element_types.py               58     33    43%   25, 52-76, 97-101, 118-124, 140-154, 169-183, 197
backend/app/api/routes/cost_elements.py                   243    189    22%   31, 37, 77-117, 133-141, 167-180, 196-208, 227-242, 261, 274-277, 289-291, 310-348, 371-407, 431-482, 504-513, 525, 568-582, 613-629, 666-725, 748-858, 882-895
backend/app/api/routes/cost_registrations.py               81     48    41%   32, 70-94, 117-125, 156-166, 204-214, 247-256, 284-299, 322-332, 356-370, 388
backend/app/api/routes/departments.py                      50     25    50%   25, 51-66, 87-93, 110-116, 132-140, 155-160, 174
backend/app/api/routes/evm.py                              77     59    23%   36, 87-161, 212-229, 267-322
backend/app/api/routes/forecasts.py                        33      8    76%   21, 47, 80, 112, 141, 173, 200, 228
backend/app/api/routes/progress_entries.py                 63     35    44%   29, 54-78, 103-111, 135-151, 173-187, 206, 233-238, 260-279
backend/app/api/routes/projects.py                         70     41    41%   29, 75-114, 133-149, 175-188, 204-213, 231-238, 252-258, 282
backend/app/api/routes/schedule_baselines.py               90     61    32%   29, 46-90, 106-119, 145-162, 178-202, 221-236, 250, 291-325
backend/app/api/routes/users.py                            62     36    42%   38, 57-63, 83-88, 106-113, 136-148, 169-181, 202-205, 228-234
backend/app/api/routes/wbes.py                             88     60    32%   29, 88-162, 181-204, 230-242, 258-268, 286-291, 310-313, 330-336
backend/app/commands/__init__.py                            0      0   100%
backend/app/core/__init__.py                                0      0   100%
backend/app/core/base/__init__.py                           2      0   100%
backend/app/core/base/base.py                              14      0   100%
backend/app/core/branching/__init__.py                      3      0   100%
backend/app/core/branching/commands.py                    148    120    19%   37-52, 66-87, 107-110, 119-151, 166-171, 178-291, 306-309, 314-371, 385-387, 392-450, 469-471, 475-484
backend/app/core/branching/exceptions.py                   21     16    24%   37-54, 86-104
backend/app/core/branching/service.py                     214    181    15%   33-34, 44-52, 79-110, 132-156, 160, 172-191, 207-225, 237-247, 266-274, 285-293, 303-310, 335-344, 359-370, 395-399, 439-490, 514-586, 590-624, 644-665, 689-805, 834-855
backend/app/core/config.py                                 24      0   100%
backend/app/core/exceptions/filtering.py                   11      5    55%   11-14, 21
backend/app/core/filtering.py                              54     54     0%   22-159
backend/app/core/logging.py                                22     15    32%   16-44
backend/app/core/rbac.py                                   60     37    38%   36, 49, 61, 94-101, 113-121, 133-136, 148-155, 166-173, 191-198, 210
backend/app/core/security.py                               27     14    48%   19, 24, 31-42, 47-54
backend/app/core/simple/__init__.py                         3      3     0%   3-11
backend/app/core/simple/commands.py                        43     43     0%   9-87
backend/app/core/simple/service.py                         29     29     0%   6-58
backend/app/core/uuid_utils.py                             29     29     0%   10-160
backend/app/core/versioning/__init__.py                     0      0   100%
backend/app/core/versioning/commands.py                   140    110    21%   44-46, 56-66, 82-127, 141-143, 156-220, 234-236, 249-345, 349-369, 382-383, 387-394, 400-418
backend/app/core/versioning/enums.py                        4      0   100%
backend/app/core/versioning/exceptions.py                  12      9    25%   24-36
backend/app/core/versioning/service.py                    134    111    17%   35-36, 46-56, 60, 77, 90-112, 120-140, 175-197, 211-228, 243-254, 296-356, 371-382, 408-431, 441-469, 479-488, 494-502, 506-547
backend/app/db/__init__.py                                  0      0   100%
backend/app/db/seed_context.py                             12     12     0%   9-59
backend/app/db/seeder.py                                  263    263     0%   6-502
backend/app/db/session.py                                  14      8    43%   29-37
backend/app/main.py                                        50     11    78%   43-46, 73, 84, 100-113, 124
backend/app/models/domain/branch.py                        18      1    94%   73
backend/app/models/domain/change_order.py                  29      6    79%   81-86, 89
backend/app/models/domain/change_order_audit_log.py        18      1    94%   61
backend/app/models/domain/cost_element.py                  21      1    95%   116
backend/app/models/domain/cost_element_type.py             16      1    94%   76
backend/app/models/domain/cost_registration.py             22      1    95%   98
backend/app/models/domain/department.py                    18      1    94%   61
backend/app/models/domain/forecast.py                      18      1    94%   81
backend/app/models/domain/progress_entry.py                17      1    94%   85
backend/app/models/domain/project.py                       22      1    95%   71
backend/app/models/domain/schedule_baseline.py             21      1    95%   130
backend/app/models/domain/user.py                          22      1    95%   70
backend/app/models/domain/wbe.py                           20      1    95%   88
backend/app/models/mixins.py                               40     16    60%   52, 56, 60, 64-80, 101
backend/app/models/protocols.py                            35      0   100%
backend/app/models/schemas/__init__.py                      2      0   100%
backend/app/models/schemas/branch.py                       13      0   100%
backend/app/models/schemas/change_order.py                 42      0   100%
backend/app/models/schemas/common.py                       14      3    79%   42-44
backend/app/models/schemas/cost_element.py                 47      3    94%   74-76
backend/app/models/schemas/cost_element_type.py            20      0   100%
backend/app/models/schemas/cost_registration.py            31      0   100%
backend/app/models/schemas/department.py                   29      0   100%
backend/app/models/schemas/evm.py                          69      0   100%
backend/app/models/schemas/forecast.py                     46      3    93%   75-77
backend/app/models/schemas/impact_analysis.py              54      0   100%
backend/app/models/schemas/preference.py                   11      0   100%
backend/app/models/schemas/progress_entry.py               36      6    83%   29-31, 83-85
backend/app/models/schemas/project.py                      44      3    93%   73-75
backend/app/models/schemas/schedule_baseline.py            35      0   100%
backend/app/models/schemas/user.py                         61      7    89%   14-18, 104-105
backend/app/models/schemas/wbe.py                          56      3    95%   74-76
backend/app/services/__init__.py                            3      0   100%
backend/app/services/auth.py                               20     10    50%   20, 24-32, 36-40
backend/app/services/branch_service.py                     41     27    34%   26, 44-57, 75-88, 103-117, 132-138, 152-163
backend/app/services/change_order_service.py              213    180    15%   52-54, 69-87, 112-122, 148-206, 238-427, 451, 486-559, 574-589, 619-712, 730, 748-792, 809-836
backend/app/services/change_order_workflow_service.py      19      8    58%   60-61, 72, 84, 98, 109, 121-122
backend/app/services/cost_element_service.py              232    201    13%   32, 42-54, 79-89, 93-122, 140-160, 173-224, 235-379, 395-422, 433-446, 493-573, 587-594, 608-679, 715-782, 799-848
backend/app/services/cost_element_type_service.py          70     51    27%   33, 39-51, 60-73, 83-93, 97-108, 121-176, 182-185, 220
backend/app/services/cost_registration_service.py         121     90    26%   52, 72-106, 124-144, 154-164, 168-179, 200-229, 255-270, 294-302, 321-342, 383-420, 443-484
backend/app/services/department.py                         61     42    31%   30, 34, 50-101, 105-112, 118-130, 136-143, 147-152, 156, 191
backend/app/services/entity_discovery_service.py           28     16    43%   28, 39-43, 54-58, 69-73, 84-86, 97-99
backend/app/services/evm_service.py                       430    377    12%   51-75, 110-117, 145-189, 224-229, 249-294, 308-311, 329-341, 365-386, 403-405, 423-434, 465-537, 561-632, 675-724, 757, 795-846, 880-898, 935-1020, 1059-1227, 1245-1273, 1294-1300, 1327-1420, 1455-1578
backend/app/services/forecast_service.py                   74     50    32%   27-29, 43, 51-63, 88-98, 108-126, 132-144, 158, 184-201, 219-236, 262-302, 323-329
backend/app/services/impact_analysis_service.py           143    122    15%   51, 69-168, 206-222, 242-344, 359-411, 426-478, 493-553, 567-569, 600-626
backend/app/services/progress_entry_service.py             72     54    25%   36, 49-76, 93-113, 123-133, 137-147, 161-184, 200-225, 249-257
backend/app/services/progression/__init__.py               11     11     0%   7-46
backend/app/services/progression/base.py                    5      5     0%   6-18
backend/app/services/progression/gaussian.py               21     21     0%   7-71
backend/app/services/progression/linear.py                 13     13     0%   6-48
backend/app/services/progression/logarithmic.py            16     16     0%   7-65
backend/app/services/project.py                           110     90    18%   35, 85-158, 162-178, 187-201, 212-222, 228-234, 238, 273, 286-388
backend/app/services/schedule_baseline_service.py          76     53    30%   38-40, 59, 76-88, 113-123, 143-147, 163-175, 185, 208-222, 245-287, 324-366, 375-386
backend/app/services/user.py                               61     38    38%   32, 36, 40, 45-60, 64-81, 88-106, 110-115, 119, 154, 161-165, 175-187
backend/app/services/wbe.py                               235    201    14%   33, 41-56, 81-91, 102-120, 128-153, 194-280, 284-298, 320-354, 360-376, 382-406, 416-447, 470-487, 506-561, 575-590, 610-716, 736-756, 760-806, 841
-------------------------------------------------------------------------------------
TOTAL                                                    5484   3537    36%
Coverage HTML written to dir htmlcov
FAIL Required test coverage of 80% not reached. Total coverage: 35.50%
=========================== short test summary info ============================
FAILED backend/tests/api/test_evm_comparison_logic.py::TestEVMCostComparisonLogic::test_cost_comparison_actual_maps_to_ac
======================== 1 failed, 2 warnings in 4.96s =========================
